/Applications/STM32CubeIDE.app/Contents/Eclipse/plugins/com.st.stm32cube.ide.mcu.externaltools.gnu-tools-for-stm32.11.3.rel1.macos64_1.1.0.202305231506/tools/arm-none-eabi/include/stdio.h:224:5:fputc	1
/Applications/STM32CubeIDE.app/Contents/Eclipse/plugins/com.st.stm32cube.ide.mcu.externaltools.gnu-tools-for-stm32.11.3.rel1.macos64_1.1.0.202305231506/tools/arm-none-eabi/include/stdio.h:222:5:fgetc	1
../Core/Src/main.c:96:5:main	1
../Core/Src/main.c:147:6:SystemClock_Config	3
../Core/Src/main.c:192:6:Error_Handler	1
