14:06:15 **** Incremental Build of configuration Debug for project GlimpseOnRTOS ****
make -j11 all 
arm-none-eabi-gcc "../Core/Src/app_freertos.c" -mcpu=cortex-m33 -std=gnu11 -g3 -DDEBUG -DUSE_HAL_DRIVER -DSTM32H563xx -c -I../Core/Inc -I../Drivers/STM32H5xx_HAL_Driver/Inc -I../Drivers/STM32H5xx_HAL_Driver/Inc/Legacy -I../Drivers/CMSIS/Device/ST/STM32H5xx/Include -I../Drivers/CMSIS/Include -I../Middlewares/Third_Party/FreeRTOS/Source/include/ -I../Middlewares/Third_Party/FreeRTOS/Source/portable/GCC/ARM_CM33_NTZ/non_secure/ -I../Middlewares/Third_Party/FreeRTOS/Source/CMSIS_RTOS_V2/ -I../Middlewares/Third_Party/CMSIS/RTOS2/Include/ -O0 -ffunction-sections -fdata-sections -Wall -fstack-usage -fcyclomatic-complexity -MMD -MP -MF"Core/Src/app_freertos.d" -MT"Core/Src/app_freertos.o" --specs=nano.specs -mfpu=fpv5-sp-d16 -mfloat-abi=hard -mthumb -o "Core/Src/app_freertos.o"
arm-none-eabi-gcc -o "GlimpseOnRTOS.elf" @"objects.list"   -mcpu=cortex-m33 -T"/Volumes/Disk/Projects/STM32CubeIDE/STM32/GlimpseOnRTOS/STM32H563ZITX_FLASH.ld" --specs=nosys.specs -Wl,-Map="GlimpseOnRTOS.map" -Wl,--gc-sections -static --specs=nano.specs -mfpu=fpv5-sp-d16 -mfloat-abi=hard -mthumb -Wl,--start-group -lc -lm -Wl,--end-group
Finished building target: GlimpseOnRTOS.elf
 
arm-none-eabi-size   GlimpseOnRTOS.elf 
arm-none-eabi-objdump -h -S  GlimpseOnRTOS.elf  > "GlimpseOnRTOS.list"
   text	   data	    bss	    dec	    hex	filename
  18312	     28	  12708	  31048	   7948	GlimpseOnRTOS.elf
Finished building: default.size.stdout
 
Finished building: GlimpseOnRTOS.list
 

14:06:16 Build Finished. 0 errors, 0 warnings. (took 933ms)

