21:00:33 **** Incremental Build of configuration Debug for project SerialCommunicationControls ****
make -j3 all 
arm-none-eabi-gcc "../Drivers/STM32H5xx_HAL_Driver/Src/stm32h5xx_hal.c" -mcpu=cortex-m33 -std=gnu11 -g3 -DDEBUG -DUSE_HAL_DRIVER -DSTM32H563xx -c -I../Core/Inc -I../Drivers/STM32H5xx_HAL_Driver/Inc -I../Drivers/STM32H5xx_HAL_Driver/Inc/Legacy -I../Drivers/CMSIS/Device/ST/STM32H5xx/Include -I../Drivers/CMSIS/Include -O0 -ffunction-sections -fdata-sections -Wall -fstack-usage -fcyclomatic-complexity -MMD -MP -MF"Drivers/STM32H5xx_HAL_Driver/Src/stm32h5xx_hal.d" -MT"Drivers/STM32H5xx_HAL_Driver/Src/stm32h5xx_hal.o" --specs=nano.specs -mfpu=fpv5-sp-d16 -mfloat-abi=hard -mthumb -o "Drivers/STM32H5xx_HAL_Driver/Src/stm32h5xx_hal.o"
arm-none-eabi-gcc "../Drivers/STM32H5xx_HAL_Driver/Src/stm32h5xx_hal_cortex.c" -mcpu=cortex-m33 -std=gnu11 -g3 -DDEBUG -DUSE_HAL_DRIVER -DSTM32H563xx -c -I../Core/Inc -I../Drivers/STM32H5xx_HAL_Driver/Inc -I../Drivers/STM32H5xx_HAL_Driver/Inc/Legacy -I../Drivers/CMSIS/Device/ST/STM32H5xx/Include -I../Drivers/CMSIS/Include -O0 -ffunction-sections -fdata-sections -Wall -fstack-usage -fcyclomatic-complexity -MMD -MP -MF"Drivers/STM32H5xx_HAL_Driver/Src/stm32h5xx_hal_cortex.d" -MT"Drivers/STM32H5xx_HAL_Driver/Src/stm32h5xx_hal_cortex.o" --specs=nano.specs -mfpu=fpv5-sp-d16 -mfloat-abi=hard -mthumb -o "Drivers/STM32H5xx_HAL_Driver/Src/stm32h5xx_hal_cortex.o"
arm-none-eabi-gcc "../Drivers/STM32H5xx_HAL_Driver/Src/stm32h5xx_hal_dma.c" -mcpu=cortex-m33 -std=gnu11 -g3 -DDEBUG -DUSE_HAL_DRIVER -DSTM32H563xx -c -I../Core/Inc -I../Drivers/STM32H5xx_HAL_Driver/Inc -I../Drivers/STM32H5xx_HAL_Driver/Inc/Legacy -I../Drivers/CMSIS/Device/ST/STM32H5xx/Include -I../Drivers/CMSIS/Include -O0 -ffunction-sections -fdata-sections -Wall -fstack-usage -fcyclomatic-complexity -MMD -MP -MF"Drivers/STM32H5xx_HAL_Driver/Src/stm32h5xx_hal_dma.d" -MT"Drivers/STM32H5xx_HAL_Driver/Src/stm32h5xx_hal_dma.o" --specs=nano.specs -mfpu=fpv5-sp-d16 -mfloat-abi=hard -mthumb -o "Drivers/STM32H5xx_HAL_Driver/Src/stm32h5xx_hal_dma.o"
arm-none-eabi-gcc "../Drivers/STM32H5xx_HAL_Driver/Src/stm32h5xx_hal_dma_ex.c" -mcpu=cortex-m33 -std=gnu11 -g3 -DDEBUG -DUSE_HAL_DRIVER -DSTM32H563xx -c -I../Core/Inc -I../Drivers/STM32H5xx_HAL_Driver/Inc -I../Drivers/STM32H5xx_HAL_Driver/Inc/Legacy -I../Drivers/CMSIS/Device/ST/STM32H5xx/Include -I../Drivers/CMSIS/Include -O0 -ffunction-sections -fdata-sections -Wall -fstack-usage -fcyclomatic-complexity -MMD -MP -MF"Drivers/STM32H5xx_HAL_Driver/Src/stm32h5xx_hal_dma_ex.d" -MT"Drivers/STM32H5xx_HAL_Driver/Src/stm32h5xx_hal_dma_ex.o" --specs=nano.specs -mfpu=fpv5-sp-d16 -mfloat-abi=hard -mthumb -o "Drivers/STM32H5xx_HAL_Driver/Src/stm32h5xx_hal_dma_ex.o"
arm-none-eabi-gcc "../Drivers/STM32H5xx_HAL_Driver/Src/stm32h5xx_hal_exti.c" -mcpu=cortex-m33 -std=gnu11 -g3 -DDEBUG -DUSE_HAL_DRIVER -DSTM32H563xx -c -I../Core/Inc -I../Drivers/STM32H5xx_HAL_Driver/Inc -I../Drivers/STM32H5xx_HAL_Driver/Inc/Legacy -I../Drivers/CMSIS/Device/ST/STM32H5xx/Include -I../Drivers/CMSIS/Include -O0 -ffunction-sections -fdata-sections -Wall -fstack-usage -fcyclomatic-complexity -MMD -MP -MF"Drivers/STM32H5xx_HAL_Driver/Src/stm32h5xx_hal_exti.d" -MT"Drivers/STM32H5xx_HAL_Driver/Src/stm32h5xx_hal_exti.o" --specs=nano.specs -mfpu=fpv5-sp-d16 -mfloat-abi=hard -mthumb -o "Drivers/STM32H5xx_HAL_Driver/Src/stm32h5xx_hal_exti.o"
arm-none-eabi-gcc "../Drivers/STM32H5xx_HAL_Driver/Src/stm32h5xx_hal_flash.c" -mcpu=cortex-m33 -std=gnu11 -g3 -DDEBUG -DUSE_HAL_DRIVER -DSTM32H563xx -c -I../Core/Inc -I../Drivers/STM32H5xx_HAL_Driver/Inc -I../Drivers/STM32H5xx_HAL_Driver/Inc/Legacy -I../Drivers/CMSIS/Device/ST/STM32H5xx/Include -I../Drivers/CMSIS/Include -O0 -ffunction-sections -fdata-sections -Wall -fstack-usage -fcyclomatic-complexity -MMD -MP -MF"Drivers/STM32H5xx_HAL_Driver/Src/stm32h5xx_hal_flash.d" -MT"Drivers/STM32H5xx_HAL_Driver/Src/stm32h5xx_hal_flash.o" --specs=nano.specs -mfpu=fpv5-sp-d16 -mfloat-abi=hard -mthumb -o "Drivers/STM32H5xx_HAL_Driver/Src/stm32h5xx_hal_flash.o"
arm-none-eabi-gcc "../Drivers/STM32H5xx_HAL_Driver/Src/stm32h5xx_hal_flash_ex.c" -mcpu=cortex-m33 -std=gnu11 -g3 -DDEBUG -DUSE_HAL_DRIVER -DSTM32H563xx -c -I../Core/Inc -I../Drivers/STM32H5xx_HAL_Driver/Inc -I../Drivers/STM32H5xx_HAL_Driver/Inc/Legacy -I../Drivers/CMSIS/Device/ST/STM32H5xx/Include -I../Drivers/CMSIS/Include -O0 -ffunction-sections -fdata-sections -Wall -fstack-usage -fcyclomatic-complexity -MMD -MP -MF"Drivers/STM32H5xx_HAL_Driver/Src/stm32h5xx_hal_flash_ex.d" -MT"Drivers/STM32H5xx_HAL_Driver/Src/stm32h5xx_hal_flash_ex.o" --specs=nano.specs -mfpu=fpv5-sp-d16 -mfloat-abi=hard -mthumb -o "Drivers/STM32H5xx_HAL_Driver/Src/stm32h5xx_hal_flash_ex.o"
arm-none-eabi-gcc "../Drivers/STM32H5xx_HAL_Driver/Src/stm32h5xx_hal_gpio.c" -mcpu=cortex-m33 -std=gnu11 -g3 -DDEBUG -DUSE_HAL_DRIVER -DSTM32H563xx -c -I../Core/Inc -I../Drivers/STM32H5xx_HAL_Driver/Inc -I../Drivers/STM32H5xx_HAL_Driver/Inc/Legacy -I../Drivers/CMSIS/Device/ST/STM32H5xx/Include -I../Drivers/CMSIS/Include -O0 -ffunction-sections -fdata-sections -Wall -fstack-usage -fcyclomatic-complexity -MMD -MP -MF"Drivers/STM32H5xx_HAL_Driver/Src/stm32h5xx_hal_gpio.d" -MT"Drivers/STM32H5xx_HAL_Driver/Src/stm32h5xx_hal_gpio.o" --specs=nano.specs -mfpu=fpv5-sp-d16 -mfloat-abi=hard -mthumb -o "Drivers/STM32H5xx_HAL_Driver/Src/stm32h5xx_hal_gpio.o"
arm-none-eabi-gcc "../Drivers/STM32H5xx_HAL_Driver/Src/stm32h5xx_hal_pwr.c" -mcpu=cortex-m33 -std=gnu11 -g3 -DDEBUG -DUSE_HAL_DRIVER -DSTM32H563xx -c -I../Core/Inc -I../Drivers/STM32H5xx_HAL_Driver/Inc -I../Drivers/STM32H5xx_HAL_Driver/Inc/Legacy -I../Drivers/CMSIS/Device/ST/STM32H5xx/Include -I../Drivers/CMSIS/Include -O0 -ffunction-sections -fdata-sections -Wall -fstack-usage -fcyclomatic-complexity -MMD -MP -MF"Drivers/STM32H5xx_HAL_Driver/Src/stm32h5xx_hal_pwr.d" -MT"Drivers/STM32H5xx_HAL_Driver/Src/stm32h5xx_hal_pwr.o" --specs=nano.specs -mfpu=fpv5-sp-d16 -mfloat-abi=hard -mthumb -o "Drivers/STM32H5xx_HAL_Driver/Src/stm32h5xx_hal_pwr.o"
arm-none-eabi-gcc "../Drivers/STM32H5xx_HAL_Driver/Src/stm32h5xx_hal_pwr_ex.c" -mcpu=cortex-m33 -std=gnu11 -g3 -DDEBUG -DUSE_HAL_DRIVER -DSTM32H563xx -c -I../Core/Inc -I../Drivers/STM32H5xx_HAL_Driver/Inc -I../Drivers/STM32H5xx_HAL_Driver/Inc/Legacy -I../Drivers/CMSIS/Device/ST/STM32H5xx/Include -I../Drivers/CMSIS/Include -O0 -ffunction-sections -fdata-sections -Wall -fstack-usage -fcyclomatic-complexity -MMD -MP -MF"Drivers/STM32H5xx_HAL_Driver/Src/stm32h5xx_hal_pwr_ex.d" -MT"Drivers/STM32H5xx_HAL_Driver/Src/stm32h5xx_hal_pwr_ex.o" --specs=nano.specs -mfpu=fpv5-sp-d16 -mfloat-abi=hard -mthumb -o "Drivers/STM32H5xx_HAL_Driver/Src/stm32h5xx_hal_pwr_ex.o"
arm-none-eabi-gcc "../Drivers/STM32H5xx_HAL_Driver/Src/stm32h5xx_hal_rcc.c" -mcpu=cortex-m33 -std=gnu11 -g3 -DDEBUG -DUSE_HAL_DRIVER -DSTM32H563xx -c -I../Core/Inc -I../Drivers/STM32H5xx_HAL_Driver/Inc -I../Drivers/STM32H5xx_HAL_Driver/Inc/Legacy -I../Drivers/CMSIS/Device/ST/STM32H5xx/Include -I../Drivers/CMSIS/Include -O0 -ffunction-sections -fdata-sections -Wall -fstack-usage -fcyclomatic-complexity -MMD -MP -MF"Drivers/STM32H5xx_HAL_Driver/Src/stm32h5xx_hal_rcc.d" -MT"Drivers/STM32H5xx_HAL_Driver/Src/stm32h5xx_hal_rcc.o" --specs=nano.specs -mfpu=fpv5-sp-d16 -mfloat-abi=hard -mthumb -o "Drivers/STM32H5xx_HAL_Driver/Src/stm32h5xx_hal_rcc.o"
arm-none-eabi-gcc "../Drivers/STM32H5xx_HAL_Driver/Src/stm32h5xx_hal_rcc_ex.c" -mcpu=cortex-m33 -std=gnu11 -g3 -DDEBUG -DUSE_HAL_DRIVER -DSTM32H563xx -c -I../Core/Inc -I../Drivers/STM32H5xx_HAL_Driver/Inc -I../Drivers/STM32H5xx_HAL_Driver/Inc/Legacy -I../Drivers/CMSIS/Device/ST/STM32H5xx/Include -I../Drivers/CMSIS/Include -O0 -ffunction-sections -fdata-sections -Wall -fstack-usage -fcyclomatic-complexity -MMD -MP -MF"Drivers/STM32H5xx_HAL_Driver/Src/stm32h5xx_hal_rcc_ex.d" -MT"Drivers/STM32H5xx_HAL_Driver/Src/stm32h5xx_hal_rcc_ex.o" --specs=nano.specs -mfpu=fpv5-sp-d16 -mfloat-abi=hard -mthumb -o "Drivers/STM32H5xx_HAL_Driver/Src/stm32h5xx_hal_rcc_ex.o"
arm-none-eabi-gcc "../Drivers/STM32H5xx_HAL_Driver/Src/stm32h5xx_hal_uart.c" -mcpu=cortex-m33 -std=gnu11 -g3 -DDEBUG -DUSE_HAL_DRIVER -DSTM32H563xx -c -I../Core/Inc -I../Drivers/STM32H5xx_HAL_Driver/Inc -I../Drivers/STM32H5xx_HAL_Driver/Inc/Legacy -I../Drivers/CMSIS/Device/ST/STM32H5xx/Include -I../Drivers/CMSIS/Include -O0 -ffunction-sections -fdata-sections -Wall -fstack-usage -fcyclomatic-complexity -MMD -MP -MF"Drivers/STM32H5xx_HAL_Driver/Src/stm32h5xx_hal_uart.d" -MT"Drivers/STM32H5xx_HAL_Driver/Src/stm32h5xx_hal_uart.o" --specs=nano.specs -mfpu=fpv5-sp-d16 -mfloat-abi=hard -mthumb -o "Drivers/STM32H5xx_HAL_Driver/Src/stm32h5xx_hal_uart.o"
arm-none-eabi-gcc "../Drivers/STM32H5xx_HAL_Driver/Src/stm32h5xx_hal_uart_ex.c" -mcpu=cortex-m33 -std=gnu11 -g3 -DDEBUG -DUSE_HAL_DRIVER -DSTM32H563xx -c -I../Core/Inc -I../Drivers/STM32H5xx_HAL_Driver/Inc -I../Drivers/STM32H5xx_HAL_Driver/Inc/Legacy -I../Drivers/CMSIS/Device/ST/STM32H5xx/Include -I../Drivers/CMSIS/Include -O0 -ffunction-sections -fdata-sections -Wall -fstack-usage -fcyclomatic-complexity -MMD -MP -MF"Drivers/STM32H5xx_HAL_Driver/Src/stm32h5xx_hal_uart_ex.d" -MT"Drivers/STM32H5xx_HAL_Driver/Src/stm32h5xx_hal_uart_ex.o" --specs=nano.specs -mfpu=fpv5-sp-d16 -mfloat-abi=hard -mthumb -o "Drivers/STM32H5xx_HAL_Driver/Src/stm32h5xx_hal_uart_ex.o"
arm-none-eabi-gcc "../Core/Src/main.c" -mcpu=cortex-m33 -std=gnu11 -g3 -DDEBUG -DUSE_HAL_DRIVER -DSTM32H563xx -c -I../Core/Inc -I../Drivers/STM32H5xx_HAL_Driver/Inc -I../Drivers/STM32H5xx_HAL_Driver/Inc/Legacy -I../Drivers/CMSIS/Device/ST/STM32H5xx/Include -I../Drivers/CMSIS/Include -O0 -ffunction-sections -fdata-sections -Wall -fstack-usage -fcyclomatic-complexity -MMD -MP -MF"Core/Src/main.d" -MT"Core/Src/main.o" --specs=nano.specs -mfpu=fpv5-sp-d16 -mfloat-abi=hard -mthumb -o "Core/Src/main.o"
arm-none-eabi-gcc "../Core/Src/stm32h5xx_hal_msp.c" -mcpu=cortex-m33 -std=gnu11 -g3 -DDEBUG -DUSE_HAL_DRIVER -DSTM32H563xx -c -I../Core/Inc -I../Drivers/STM32H5xx_HAL_Driver/Inc -I../Drivers/STM32H5xx_HAL_Driver/Inc/Legacy -I../Drivers/CMSIS/Device/ST/STM32H5xx/Include -I../Drivers/CMSIS/Include -O0 -ffunction-sections -fdata-sections -Wall -fstack-usage -fcyclomatic-complexity -MMD -MP -MF"Core/Src/stm32h5xx_hal_msp.d" -MT"Core/Src/stm32h5xx_hal_msp.o" --specs=nano.specs -mfpu=fpv5-sp-d16 -mfloat-abi=hard -mthumb -o "Core/Src/stm32h5xx_hal_msp.o"
../Core/Src/main.c: In function 'main':
../Core/Src/main.c:110:34: warning: comparison between pointer and integer
  110 |           if (receivedMessage[1] == "0")
      |                                  ^~
../Core/Src/main.c:110:34: warning: comparison with string literal results in unspecified behavior [-Waddress]
../Core/Src/main.c:113:34: warning: comparison between pointer and integer
  113 |           if (receivedMessage[0] == "R")
      |                                  ^~
../Core/Src/main.c:113:34: warning: comparison with string literal results in unspecified behavior [-Waddress]
../Core/Src/main.c:115:39: warning: comparison between pointer and integer
  115 |           else if (receivedMessage[0] == "Y")
      |                                       ^~
../Core/Src/main.c:115:39: warning: comparison with string literal results in unspecified behavior [-Waddress]
../Core/Src/main.c:117:39: warning: comparison between pointer and integer
  117 |           else if (receivedMessage[0] == "G")
      |                                       ^~
../Core/Src/main.c:117:39: warning: comparison with string literal results in unspecified behavior [-Waddress]
arm-none-eabi-gcc "../Core/Src/stm32h5xx_it.c" -mcpu=cortex-m33 -std=gnu11 -g3 -DDEBUG -DUSE_HAL_DRIVER -DSTM32H563xx -c -I../Core/Inc -I../Drivers/STM32H5xx_HAL_Driver/Inc -I../Drivers/STM32H5xx_HAL_Driver/Inc/Legacy -I../Drivers/CMSIS/Device/ST/STM32H5xx/Include -I../Drivers/CMSIS/Include -O0 -ffunction-sections -fdata-sections -Wall -fstack-usage -fcyclomatic-complexity -MMD -MP -MF"Core/Src/stm32h5xx_it.d" -MT"Core/Src/stm32h5xx_it.o" --specs=nano.specs -mfpu=fpv5-sp-d16 -mfloat-abi=hard -mthumb -o "Core/Src/stm32h5xx_it.o"
arm-none-eabi-gcc "../Core/Src/system_stm32h5xx.c" -mcpu=cortex-m33 -std=gnu11 -g3 -DDEBUG -DUSE_HAL_DRIVER -DSTM32H563xx -c -I../Core/Inc -I../Drivers/STM32H5xx_HAL_Driver/Inc -I../Drivers/STM32H5xx_HAL_Driver/Inc/Legacy -I../Drivers/CMSIS/Device/ST/STM32H5xx/Include -I../Drivers/CMSIS/Include -O0 -ffunction-sections -fdata-sections -Wall -fstack-usage -fcyclomatic-complexity -MMD -MP -MF"Core/Src/system_stm32h5xx.d" -MT"Core/Src/system_stm32h5xx.o" --specs=nano.specs -mfpu=fpv5-sp-d16 -mfloat-abi=hard -mthumb -o "Core/Src/system_stm32h5xx.o"
arm-none-eabi-gcc -o "SerialCommunicationControls.elf" @"objects.list"   -mcpu=cortex-m33 -T"/Users/jinhui/Projects/STM32CubeIDE/STM32/SerialCommunicationControls/STM32H563ZITX_FLASH.ld" --specs=nosys.specs -Wl,-Map="SerialCommunicationControls.map" -Wl,--gc-sections -static --specs=nano.specs -mfpu=fpv5-sp-d16 -mfloat-abi=hard -mthumb -Wl,--start-group -lc -lm -Wl,--end-group
Finished building target: SerialCommunicationControls.elf
 
arm-none-eabi-size   SerialCommunicationControls.elf 
arm-none-eabi-objdump -h -S  SerialCommunicationControls.elf  > "SerialCommunicationControls.list"
   text	   data	    bss	    dec	    hex	filename
  32564	     20	   1716	  34300	   85fc	SerialCommunicationControls.elf
Finished building: default.size.stdout
 
Finished building: SerialCommunicationControls.list
 
21:01:03 **** Incremental Build of configuration Debug for project SerialCommunicationControls ****
make -j3 all 
arm-none-eabi-size   SerialCommunicationControls.elf 
   text	   data	    bss	    dec	    hex	filename
  32564	     20	   1716	  34300	   85fc	SerialCommunicationControls.elf
Finished building: default.size.stdout
 
21:06:33 **** Incremental Build of configuration Debug for project SerialCommunicationControls ****
make -j3 all 
arm-none-eabi-gcc "../Core/Src/main.c" -mcpu=cortex-m33 -std=gnu11 -g3 -DDEBUG -DUSE_HAL_DRIVER -DSTM32H563xx -c -I../Core/Inc -I../Drivers/STM32H5xx_HAL_Driver/Inc -I../Drivers/STM32H5xx_HAL_Driver/Inc/Legacy -I../Drivers/CMSIS/Device/ST/STM32H5xx/Include -I../Drivers/CMSIS/Include -O0 -ffunction-sections -fdata-sections -Wall -fstack-usage -fcyclomatic-complexity -MMD -MP -MF"Core/Src/main.d" -MT"Core/Src/main.o" --specs=nano.specs -mfpu=fpv5-sp-d16 -mfloat-abi=hard -mthumb -o "Core/Src/main.o"
../Core/Src/main.c: In function 'main':
../Core/Src/main.c:111:34: warning: comparison between pointer and integer
  111 |           if (receivedMessage[1] == "0")
      |                                  ^~
../Core/Src/main.c:111:34: warning: comparison with string literal results in unspecified behavior [-Waddress]
../Core/Src/main.c:114:34: warning: comparison between pointer and integer
  114 |           if (receivedMessage[0] == "R")
      |                                  ^~
../Core/Src/main.c:114:34: warning: comparison with string literal results in unspecified behavior [-Waddress]
../Core/Src/main.c:116:39: warning: comparison between pointer and integer
  116 |           else if (receivedMessage[0] == "Y")
      |                                       ^~
../Core/Src/main.c:116:39: warning: comparison with string literal results in unspecified behavior [-Waddress]
../Core/Src/main.c:118:39: warning: comparison between pointer and integer
  118 |           else if (receivedMessage[0] == "G")
      |                                       ^~
../Core/Src/main.c:118:39: warning: comparison with string literal results in unspecified behavior [-Waddress]
arm-none-eabi-gcc -o "SerialCommunicationControls.elf" @"objects.list"   -mcpu=cortex-m33 -T"/Users/jinhui/Projects/STM32CubeIDE/STM32/SerialCommunicationControls/STM32H563ZITX_FLASH.ld" --specs=nosys.specs -Wl,-Map="SerialCommunicationControls.map" -Wl,--gc-sections -static --specs=nano.specs -mfpu=fpv5-sp-d16 -mfloat-abi=hard -mthumb -Wl,--start-group -lc -lm -Wl,--end-group
Finished building target: SerialCommunicationControls.elf
 
arm-none-eabi-size   SerialCommunicationControls.elf 
arm-none-eabi-objdump -h -S  SerialCommunicationControls.elf  > "SerialCommunicationControls.list"
   text	   data	    bss	    dec	    hex	filename
  32236	     20	   1716	  33972	   84b4	SerialCommunicationControls.elf
Finished building: default.size.stdout
 
Finished building: SerialCommunicationControls.list
 
21:09:01 **** Incremental Build of configuration Debug for project SerialCommunicationControls ****
make -j3 all 
arm-none-eabi-size   SerialCommunicationControls.elf 
   text	   data	    bss	    dec	    hex	filename
  32236	     20	   1716	  33972	   84b4	SerialCommunicationControls.elf
Finished building: default.size.stdout
 
21:25:48 **** Incremental Build of configuration Debug for project SerialCommunicationControls ****
make -j3 all 
arm-none-eabi-size   SerialCommunicationControls.elf 
   text	   data	    bss	    dec	    hex	filename
  32236	     20	   1716	  33972	   84b4	SerialCommunicationControls.elf
Finished building: default.size.stdout
 
