14:31:24 **** Incremental Build of configuration Debug for project InterruptiveSerialCommunications ****
make -j3 all 
arm-none-eabi-gcc "../Core/Src/main.c" -mcpu=cortex-m33 -std=gnu11 -g3 -DDEBUG -DUSE_HAL_DRIVER -DSTM32H563xx -c -I../Core/Inc -I../Drivers/STM32H5xx_HAL_Driver/Inc -I../Drivers/STM32H5xx_HAL_Driver/Inc/Legacy -I../Drivers/CMSIS/Device/ST/STM32H5xx/Include -I../Drivers/CMSIS/Include -O0 -ffunction-sections -fdata-sections -Wall -fstack-usage -fcyclomatic-complexity -MMD -MP -MF"Core/Src/main.d" -MT"Core/Src/main.o" --specs=nano.specs -mfpu=fpv5-sp-d16 -mfloat-abi=hard -mthumb -o "Core/Src/main.o"
arm-none-eabi-gcc -o "InterruptiveSerialCommunications.elf" @"objects.list"   -mcpu=cortex-m33 -T"/Users/jinhui/Projects/STM32CubeIDE/STM32/InterruptiveSerialCommunications/STM32H563ZITX_FLASH.ld" --specs=nosys.specs -Wl,-Map="InterruptiveSerialCommunications.map" -Wl,--gc-sections -static --specs=nano.specs -mfpu=fpv5-sp-d16 -mfloat-abi=hard -mthumb -Wl,--start-group -lc -lm -Wl,--end-group
Finished building target: InterruptiveSerialCommunications.elf
 
arm-none-eabi-size   InterruptiveSerialCommunications.elf 
arm-none-eabi-objdump -h -S  InterruptiveSerialCommunications.elf  > "InterruptiveSerialCommunications.list"
   text	   data	    bss	    dec	    hex	filename
  38576	     20	   1724	  40320	   9d80	InterruptiveSerialCommunications.elf
Finished building: default.size.stdout
 
Finished building: InterruptiveSerialCommunications.list
 

14:31:25 Build Finished. 0 errors, 0 warnings. (took 1s.39ms)

