23:23:47 **** Incremental Build of configuration Debug for project Talk2Arduino ****
make -j3 all 
arm-none-eabi-gcc "../Core/Src/main.c" -mcpu=cortex-m33 -std=gnu11 -g3 -DDEBUG -DUSE_HAL_DRIVER -DSTM32H563xx -c -I../Core/Inc -I../Drivers/STM32H5xx_HAL_Driver/Inc -I../Drivers/STM32H5xx_HAL_Driver/Inc/Legacy -I../Drivers/CMSIS/Device/ST/STM32H5xx/Include -I../Drivers/CMSIS/Include -O0 -ffunction-sections -fdata-sections -Wall -fstack-usage -fcyclomatic-complexity -MMD -MP -MF"Core/Src/main.d" -MT"Core/Src/main.o" --specs=nano.specs -mfpu=fpv5-sp-d16 -mfloat-abi=hard -mthumb -o "Core/Src/main.o"
arm-none-eabi-gcc -o "Talk2Arduino.elf" @"objects.list"   -mcpu=cortex-m33 -T"/Users/jinhui/Projects/STM32CubeIDE/STM32/Talk2Arduino/STM32H563ZITX_FLASH.ld" --specs=nosys.specs -Wl,-Map="Talk2Arduino.map" -Wl,--gc-sections -static --specs=nano.specs -mfpu=fpv5-sp-d16 -mfloat-abi=hard -mthumb -Wl,--start-group -lc -lm -Wl,--end-group
Finished building target: Talk2Arduino.elf
 
arm-none-eabi-size   Talk2Arduino.elf 
arm-none-eabi-objdump -h -S  Talk2Arduino.elf  > "Talk2Arduino.list"
   text	   data	    bss	    dec	    hex	filename
  18164	     36	   1660	  19860	   4d94	Talk2Arduino.elf
Finished building: default.size.stdout
 
Finished building: Talk2Arduino.list
 

23:23:48 Build Finished. 0 errors, 0 warnings. (took 843ms)

